[backblue.gif]
[fade.gif]
[index.html]
[stackpath.bootstrapcdn.com/bootstrap/4.1.3/css/bootstrap.min.css]
[code.jquery.com/jquery-3.3.1.slim.min.js]
[cdnjs.cloudflare.com/ajax/libs/popper.js/1.14.3/umd/popper.min.js]
[stackpath.bootstrapcdn.com/bootstrap/4.1.3/js/bootstrap.min.js]
[cdnjs.cloudflare.com/ajax/libs/mathjax/2.7.5/MathJaxb198.js]
[code.jquery.com/jquery-3.3.1.min.js]
[cims.nyu.edu/_thomasl/photoTL.png]
[cims.nyu.edu/_thomasl/papers/DLR_and_Rigidity_final.pdf]
[cims.nyu.edu/_thomasl/papers/CLT_fluctuations_sine_beta.pdf]
[cims.nyu.edu/_thomasl/index.html]
[stackpath.bootstrapcdn.com/bootstrap/4.1.3/css/bootstrap.min.css]
[cims.nyu.edu/_thomasl/navbar.html]
[cims.nyu.edu/_thomasl/js/bootstrap.min.js]
[ajax.googleapis.com/ajax/libs/jquery/1.12.4/jquery.min.js]
[cims.nyu.edu/_thomasl/teaching/Alg1Fall18/HW1.pdf]
[cims.nyu.edu/_thomasl/teaching/Alg1Fall18/HW2.pdf]
[cims.nyu.edu/_thomasl/teaching/Alg1Fall18/index.html]
[cims.nyu.edu/_thomasl/papers/Minimizer_Log_Gas_Energy_Leble.pdf]
[cims.nyu.edu/_thomasl/papers/Large_Deviations_Empirical_Fields_Leble_Serfaty_new.pdf]
[cims.nyu.edu/_thomasl/papers/Coulomb_energy_for_point_processes_Leble.pdf]
[cims.nyu.edu/_thomasl/papers/Local_Law_2DCoulomb_Leble.pdf]
[cims.nyu.edu/_thomasl/papers/TwoComponentPlasma_Leble_Serfaty_Zeitouni.pdf]
[cims.nyu.edu/_thomasl/papers/CLT_Coulomb_gases_Leble_Serfaty_v3.pdf]
[cims.nyu.edu/_thomasl/papers/Large_Deviations_Hyperuniform_Riesz_Gases.pdf]
[cims.nyu.edu/_thomasl/papers/CLT_Fluctuations_New.pdf]
[cims.nyu.edu/_thomasl/talks/Banff0416.pdf]
[cims.nyu.edu/_thomasl/talks/Brown0218.pdf]
[cims.nyu.edu/_thomasl/papers/Thesis_Leble.pdf]
[cims.nyu.edu/_thomasl/talks/CIDayTLeble.pdf]
[cims.nyu.edu/_thomasl/papers.html]
[cims.nyu.edu/_thomasl/cv.html]
[cims.nyu.edu/_thomasl/index-2.html]
[cims.nyu.edu/_thomasl/teaching/PCMI2017/Seance1.pdf]
[cims.nyu.edu/_thomasl/teaching/PCMI2017/Seance2.pdf]
[cims.nyu.edu/_thomasl/teaching/PCMI2017/Seance3.pdf]
[cims.nyu.edu/_thomasl/teaching/exocolles.pdf]
[cims.nyu.edu/_thomasl/teaching.html]
[cims.nyu.edu/_thomasl/otherstuff.html]
[cims.nyu.edu/_thomasl/css/bootstrap.min.css]
[cims.nyu.edu/icons/blank.gif]
[cims.nyu.edu/icons/back.gif]
[cims.nyu.edu/icons/tex.gif]
[cims.nyu.edu/_thomasl/teaching/123003Fall2016/2016-Fall-Calculus3-Syllabus-007.tex]
[cims.nyu.edu/icons/layout.gif]
[cims.nyu.edu/_thomasl/teaching/123003Fall2016/Handout1.pdf]
[cims.nyu.edu/_thomasl/teaching/123003Fall2016/Handout1.tex]
[cims.nyu.edu/_thomasl/teaching/123003Fall2016/Handout2.pdf]
[cims.nyu.edu/_thomasl/teaching/123003Fall2016/Handout2.tex]
[cims.nyu.edu/_thomasl/teaching/123003Fall2016/Handout3.pdf]
[cims.nyu.edu/_thomasl/teaching/123003Fall2016/Handout4.pdf]
[cims.nyu.edu/_thomasl/teaching/123003Fall2016/Handout4.tex]
[cims.nyu.edu/_thomasl/teaching/123003Fall2016/Handout5.pdf]
[cims.nyu.edu/_thomasl/teaching/123003Fall2016/Handout5.tex]
[cims.nyu.edu/_thomasl/teaching/123003Fall2016/Handout6.pdf]
[cims.nyu.edu/_thomasl/teaching/123003Fall2016/Handout6.tex]
[cims.nyu.edu/_thomasl/teaching/123003Fall2016/Handout7.pdf]
[cims.nyu.edu/_thomasl/teaching/123003Fall2016/Handout7.tex]
[cims.nyu.edu/_thomasl/teaching/123003Fall2016/Handout8.pdf]
[cims.nyu.edu/_thomasl/teaching/123003Fall2016/Handout9a.pdf]
[cims.nyu.edu/_thomasl/teaching/123003Fall2016/Handout9b.pdf]
[cims.nyu.edu/_thomasl/teaching/123003Fall2016/finalpractice.pdf]
[cims.nyu.edu/_thomasl/teaching/123003Fall2016/finalpractice2.pdf]
[cims.nyu.edu/_thomasl/teaching/123003Fall2016/handout3.tex]
[cims.nyu.edu/_thomasl/teaching/123003Fall2016/handout4bis.pdf]
[cims.nyu.edu/_thomasl/teaching/123003Fall2016/handout4bis.tex]
[cims.nyu.edu/_thomasl/teaching/123003Fall2016/handout8.tex]
[cims.nyu.edu/_thomasl/teaching/123003Fall2016/handout9.tex]
[cims.nyu.edu/_thomasl/teaching/123003Fall2016/handoutcalculus.pdf]
[cims.nyu.edu/_thomasl/teaching/123003Fall2016/handoutpremid.pdf]
[cims.nyu.edu/_thomasl/teaching/123003Fall2016/handoutpremid.tex]
[cims.nyu.edu/_thomasl/teaching/123003Fall2016/handoutpremid2.pdf]
[cims.nyu.edu/_thomasl/teaching/123003Fall2016/hwweek1.pdf]
[cims.nyu.edu/_thomasl/teaching/123003Fall2016/hwweek1.tex]
[cims.nyu.edu/_thomasl/teaching/123003Fall2016/hwweek1correction.pdf]
[cims.nyu.edu/_thomasl/teaching/123003Fall2016/hwweek1correction.tex]
[cims.nyu.edu/_thomasl/teaching/123003Fall2016/hwweek2.pdf]
[cims.nyu.edu/_thomasl/teaching/123003Fall2016/hwweek2.tex]
[cims.nyu.edu/_thomasl/teaching/123003Fall2016/hwweek2correction.pdf]
[cims.nyu.edu/_thomasl/teaching/123003Fall2016/hwweek2correction.tex]
[cims.nyu.edu/_thomasl/teaching/123003Fall2016/hwweek3.pdf]
[cims.nyu.edu/_thomasl/teaching/123003Fall2016/hwweek3.tex]
[cims.nyu.edu/_thomasl/teaching/123003Fall2016/hwweek3correction.pdf]
[cims.nyu.edu/_thomasl/teaching/123003Fall2016/hwweek3correction.tex]
[cims.nyu.edu/_thomasl/teaching/123003Fall2016/hwweek4.pdf]
[cims.nyu.edu/_thomasl/teaching/123003Fall2016/hwweek4.tex]
[cims.nyu.edu/_thomasl/teaching/123003Fall2016/hwweek4correction.pdf]
[cims.nyu.edu/_thomasl/teaching/123003Fall2016/hwweek4correction.tex]
[cims.nyu.edu/_thomasl/teaching/123003Fall2016/hwweek5.pdf]
[cims.nyu.edu/_thomasl/teaching/123003Fall2016/hwweek5.tex]
[cims.nyu.edu/_thomasl/teaching/123003Fall2016/hwweek5solution.pdf]
[cims.nyu.edu/_thomasl/teaching/123003Fall2016/hwweek5solution.tex]
[cims.nyu.edu/_thomasl/teaching/123003Fall2016/hwweek6.pdf]
[cims.nyu.edu/_thomasl/teaching/123003Fall2016/hwweek6.tex]
[cims.nyu.edu/_thomasl/teaching/123003Fall2016/hwweek6solution.pdf]
[cims.nyu.edu/_thomasl/teaching/123003Fall2016/hwweek6solution.tex]
[cims.nyu.edu/_thomasl/teaching/123003Fall2016/hwweek7.pdf]
[cims.nyu.edu/_thomasl/teaching/123003Fall2016/hwweek7.tex]
[cims.nyu.edu/_thomasl/teaching/123003Fall2016/hwweek7solution.pdf]
[cims.nyu.edu/_thomasl/teaching/123003Fall2016/hwweek7solution.tex]
[cims.nyu.edu/_thomasl/teaching/123003Fall2016/hwweek8.pdf]
[cims.nyu.edu/_thomasl/teaching/123003Fall2016/hwweek8solution.pdf]
[cims.nyu.edu/_thomasl/teaching/123003Fall2016/hwweek9.pdf]
[cims.nyu.edu/_thomasl/teaching/123003Fall2016/hwweek9.tex]
[cims.nyu.edu/_thomasl/teaching/123003Fall2016/hwweek9solution.pdf]
[cims.nyu.edu/_thomasl/teaching/123003Fall2016/midterm1sujet.pdf]
[cims.nyu.edu/_thomasl/teaching/123003Fall2016/midterm1sujet.tex]
[cims.nyu.edu/_thomasl/teaching/123003Fall2016/midterm2.pdf]
[cims.nyu.edu/_thomasl/teaching/123003Fall2016/midterm2solution.pdf]
[cims.nyu.edu/_thomasl/teaching/123003Fall2016/midterm2sujet.pdf]
[cims.nyu.edu/_thomasl/teaching/123003Fall2016/midterm2sujet.tex]
[cims.nyu.edu/_thomasl/teaching/123003Fall2016/praticesolution.pdf]
[cims.nyu.edu/_thomasl/teaching/123003Fall2016/redaction.pdf]
[cims.nyu.edu/_thomasl/teaching/123003Fall2016/redaction.tex]
[cims.nyu.edu/_thomasl/teaching/123003Fall2016/syllabus.pdf]
[cims.nyu.edu/_thomasl/teaching/123003Fall2016/week1.pdf]
[cims.nyu.edu/_thomasl/teaching/123003Fall2016/week1.tex]
[cims.nyu.edu/_thomasl/teaching/123003Fall2016/index.html]
[cims.nyu.edu/_thomasl/teaching/120002Spring2017/Final.pdf]
[cims.nyu.edu/_thomasl/teaching/120002Spring2017/Final.tex]
[cims.nyu.edu/_thomasl/teaching/120002Spring2017/HW1-Solution.pdf]
[cims.nyu.edu/_thomasl/teaching/120002Spring2017/HW1.pdf]
[cims.nyu.edu/_thomasl/teaching/120002Spring2017/HW1.tex]
[cims.nyu.edu/_thomasl/teaching/120002Spring2017/HW2-Solution.pdf]
[cims.nyu.edu/_thomasl/teaching/120002Spring2017/HW2.pdf]
[cims.nyu.edu/_thomasl/teaching/120002Spring2017/HW2.tex]
[cims.nyu.edu/_thomasl/teaching/120002Spring2017/HW3-Solution.pdf]
[cims.nyu.edu/_thomasl/teaching/120002Spring2017/HW3.pdf]
[cims.nyu.edu/_thomasl/teaching/120002Spring2017/HW3.tex]
[cims.nyu.edu/_thomasl/teaching/120002Spring2017/HW4-solution.pdf]
[cims.nyu.edu/_thomasl/teaching/120002Spring2017/HW4.pdf]
[cims.nyu.edu/_thomasl/teaching/120002Spring2017/HW4.tex]
[cims.nyu.edu/_thomasl/teaching/120002Spring2017/HW5-Solution.pdf]
[cims.nyu.edu/_thomasl/teaching/120002Spring2017/HW5.pdf]
[cims.nyu.edu/_thomasl/teaching/120002Spring2017/HW5.tex]
[cims.nyu.edu/_thomasl/teaching/120002Spring2017/HW6-Solution.pdf]
[cims.nyu.edu/_thomasl/teaching/120002Spring2017/HW6.pdf]
[cims.nyu.edu/_thomasl/teaching/120002Spring2017/HW6.tex]
[cims.nyu.edu/_thomasl/teaching/120002Spring2017/HW7-Solution.pdf]
[cims.nyu.edu/_thomasl/teaching/120002Spring2017/HW7.pdf]
[cims.nyu.edu/_thomasl/teaching/120002Spring2017/HW7.tex]
[cims.nyu.edu/_thomasl/teaching/120002Spring2017/HW8-Solution.pdf]
[cims.nyu.edu/_thomasl/teaching/120002Spring2017/HW8.pdf]
[cims.nyu.edu/_thomasl/teaching/120002Spring2017/HW8.tex]
[cims.nyu.edu/_thomasl/teaching/120002Spring2017/Handout1.pdf]
[cims.nyu.edu/_thomasl/teaching/120002Spring2017/Handout1.tex]
[cims.nyu.edu/_thomasl/teaching/120002Spring2017/Handout2.pdf]
[cims.nyu.edu/_thomasl/teaching/120002Spring2017/Handout2.tex]
[cims.nyu.edu/_thomasl/teaching/120002Spring2017/Handout3.pdf]
[cims.nyu.edu/_thomasl/teaching/120002Spring2017/Handout3.tex]
[cims.nyu.edu/_thomasl/teaching/120002Spring2017/Handout4.pdf]
[cims.nyu.edu/_thomasl/teaching/120002Spring2017/Handout4.tex]
[cims.nyu.edu/_thomasl/teaching/120002Spring2017/Handout5.pdf]
[cims.nyu.edu/_thomasl/teaching/120002Spring2017/Handout5.tex]
[cims.nyu.edu/_thomasl/teaching/120002Spring2017/Handout6-Solution.pdf]
[cims.nyu.edu/_thomasl/teaching/120002Spring2017/Handout6.pdf]
[cims.nyu.edu/_thomasl/teaching/120002Spring2017/Handout6.tex]
[cims.nyu.edu/_thomasl/teaching/120002Spring2017/Handout7.pdf]
[cims.nyu.edu/_thomasl/teaching/120002Spring2017/Handout7.tex]
[cims.nyu.edu/_thomasl/teaching/120002Spring2017/Handout7bis.pdf]
[cims.nyu.edu/_thomasl/teaching/120002Spring2017/Handout7bis.tex]
[cims.nyu.edu/_thomasl/teaching/120002Spring2017/Handout8.pdf]
[cims.nyu.edu/_thomasl/teaching/120002Spring2017/Handout8.tex]
[cims.nyu.edu/_thomasl/teaching/120002Spring2017/Handout9.pdf]
[cims.nyu.edu/_thomasl/teaching/120002Spring2017/Handout9.tex]
[cims.nyu.edu/_thomasl/teaching/120002Spring2017/Handout9bis.pdf]
[cims.nyu.edu/_thomasl/teaching/120002Spring2017/Handout9bis.tex]
[cims.nyu.edu/_thomasl/teaching/120002Spring2017/HandoutGroup.pdf]
[cims.nyu.edu/_thomasl/teaching/120002Spring2017/HandoutGroup.tex]
[cims.nyu.edu/_thomasl/teaching/120002Spring2017/HandoutReview.pdf]
[cims.nyu.edu/_thomasl/teaching/120002Spring2017/HandoutReview.tex]
[cims.nyu.edu/_thomasl/teaching/120002Spring2017/Midterm1-Solution.pdf]
[cims.nyu.edu/_thomasl/teaching/120002Spring2017/Midterm1.pdf]
[cims.nyu.edu/_thomasl/teaching/120002Spring2017/Midterm1.tex]
[cims.nyu.edu/_thomasl/teaching/120002Spring2017/Midterm2-Solution.pdf]
[cims.nyu.edu/_thomasl/teaching/120002Spring2017/Midterm2.pdf]
[cims.nyu.edu/_thomasl/teaching/120002Spring2017/Midterm2.tex]
[cims.nyu.edu/_thomasl/teaching/120002Spring2017/Quiz1Solution.pdf]
[cims.nyu.edu/_thomasl/teaching/120002Spring2017/Quiz2Solution.pdf]
[cims.nyu.edu/_thomasl/teaching/120002Spring2017/Quiz3Solution.pdf]
[cims.nyu.edu/_thomasl/teaching/120002Spring2017/Quiz4Solution.pdf]
[cims.nyu.edu/_thomasl/teaching/120002Spring2017/quiz1.pdf]
[cims.nyu.edu/_thomasl/teaching/120002Spring2017/quiz1.tex]
[cims.nyu.edu/_thomasl/teaching/120002Spring2017/quiz2.pdf]
[cims.nyu.edu/_thomasl/teaching/120002Spring2017/quiz2.tex]
[cims.nyu.edu/_thomasl/teaching/120002Spring2017/quiz3.pdf]
[cims.nyu.edu/_thomasl/teaching/120002Spring2017/quiz3.tex]
[cims.nyu.edu/_thomasl/teaching/120002Spring2017/quiz4.pdf]
[cims.nyu.edu/_thomasl/teaching/120002Spring2017/quiz4.tex]
[cims.nyu.edu/_thomasl/teaching/120002Spring2017/redaction.pdf]
[cims.nyu.edu/_thomasl/teaching/120002Spring2017/redaction.tex]
[cims.nyu.edu/_thomasl/teaching/120002Spring2017/syllabus.pdf]
[cims.nyu.edu/_thomasl/teaching/120002Spring2017/syllabus.tex]
[cims.nyu.edu/_thomasl/teaching/120002Spring2017/index.html]
[cims.nyu.edu/_thomasl/teaching/ODESpring2018/js/bootstrap.min.js]
[cims.nyu.edu/_thomasl/teaching/ODESpring2018/forfinal.pdf]
[cims.nyu.edu/_thomasl/teaching/ODESpring2018/HW1.pdf]
[cims.nyu.edu/_thomasl/teaching/ODESpring2018/HW2.pdf]
[cims.nyu.edu/_thomasl/teaching/ODESpring2018/HW3.pdf]
[cims.nyu.edu/_thomasl/teaching/ODESpring2018/notesLecture3.pdf]
[cims.nyu.edu/_thomasl/teaching/ODESpring2018/HW4.pdf]
[cims.nyu.edu/_thomasl/teaching/ODESpring2018/notesmaximal.pdf]
[cims.nyu.edu/_thomasl/teaching/ODESpring2018/HW5.pdf]
[cims.nyu.edu/_thomasl/teaching/ODESpring2018/solutionsHW5.pdf]
[cims.nyu.edu/_thomasl/teaching/ODESpring2018/HW6.pdf]
[cims.nyu.edu/_thomasl/teaching/ODESpring2018/HW7.pdf]
[cims.nyu.edu/_thomasl/teaching/ODESpring2018/HW8.pdf]
[cims.nyu.edu/_thomasl/teaching/ODESpring2018/lectureFloquet.pdf]
[cims.nyu.edu/_thomasl/teaching/ODESpring2018/lectureFloquet2.pdf]
[cims.nyu.edu/_thomasl/teaching/ODESpring2018/HW9.pdf]
[cims.nyu.edu/_thomasl/teaching/ODESpring2018/stability.pdf]
[cims.nyu.edu/_thomasl/teaching/ODESpring2018/ODES2018_final.pdf]
[cims.nyu.edu/_thomasl/teaching/ODESpring2018/solutions_final.pdf]
[cims.nyu.edu/_thomasl/teaching/ODESpring2018/index.html]
[cims.nyu.edu/_thomasl/teaching/1M0011415/td1.pdf]
[cims.nyu.edu/_thomasl/teaching/1M0011415/td2.pdf]
[cims.nyu.edu/_thomasl/teaching/1M0011415/td3.pdf]
[cims.nyu.edu/_thomasl/teaching/1M0011415/td4.pdf]
[cims.nyu.edu/_thomasl/teaching/1M0011415/td4bis.pdf]
[cims.nyu.edu/_thomasl/teaching/1M0011415/td5.pdf]
[cims.nyu.edu/_thomasl/teaching/1M0011415/td6.pdf]
[cims.nyu.edu/_thomasl/teaching/1M0011415/td7.pdf]
[cims.nyu.edu/_thomasl/teaching/1M0011415/td8.pdf]
[cims.nyu.edu/_thomasl/teaching/1M0011415/td9.pdf]
[cims.nyu.edu/_thomasl/teaching/1M0011415/index.html]
[cims.nyu.edu/_thomasl/teaching/LM2011415/seance1.pdf]
[cims.nyu.edu/_thomasl/teaching/LM2011415/seance2.pdf]
[cims.nyu.edu/_thomasl/teaching/LM2011415/seance3.pdf]
[cims.nyu.edu/_thomasl/teaching/LM2011415/seance4.pdf]
[cims.nyu.edu/_thomasl/teaching/LM2011415/DM1.pdf]
[cims.nyu.edu/_thomasl/teaching/LM2011415/correctionDM1.pdf]
[cims.nyu.edu/_thomasl/teaching/LM2011415/seance5.pdf]
[cims.nyu.edu/_thomasl/teaching/LM2011415/seance6.pdf]
[cims.nyu.edu/_thomasl/teaching/LM2011415/seance7.pdf]
[cims.nyu.edu/_thomasl/teaching/LM2011415/DM2.pdf]
[cims.nyu.edu/_thomasl/teaching/LM2011415/correctionDM2.pdf]
[cims.nyu.edu/_thomasl/teaching/LM2011415/seance8.pdf]
[cims.nyu.edu/_thomasl/teaching/LM2011415/seance9.pdf]
[cims.nyu.edu/_thomasl/teaching/LM2011415/seancerevision.pdf]
[cims.nyu.edu/_thomasl/teaching/LM2011415/Examen-2M101.pdf]
[cims.nyu.edu/_thomasl/teaching/LM2011415/index.html]
[cims.nyu.edu/_thomasl/teaching/LM20041516/seance1.pdf]
[cims.nyu.edu/_thomasl/teaching/LM20041516/seance2.pdf]
[cims.nyu.edu/_thomasl/teaching/LM20041516/seance2bis.pdf]
[cims.nyu.edu/_thomasl/teaching/LM20041516/seance3.pdf]
[cims.nyu.edu/_thomasl/teaching/LM20041516/seance3bis.pdf]
[cims.nyu.edu/_thomasl/teaching/LM20041516/devoiropt1.pdf]
[cims.nyu.edu/_thomasl/teaching/LM20041516/correctiondopt1.pdf]
[cims.nyu.edu/_thomasl/teaching/LM20041516/seance4.pdf]
[cims.nyu.edu/_thomasl/teaching/LM20041516/seance6.pdf]
[cims.nyu.edu/_thomasl/teaching/LM20041516/serieintegrale.pdf]
[cims.nyu.edu/_thomasl/teaching/LM20041516/seance8.pdf]
[cims.nyu.edu/_thomasl/teaching/LM20041516/index.html]
[cims.nyu.edu/_thomasl/onmaths/groth1.html]
[cims.nyu.edu/_thomasl/onmaths/Godement1.pdf]
[cims.nyu.edu/_thomasl/onmaths/Godement1.html]
[cims.nyu.edu/_thomasl/onmaths/SaintRaymond.html]
[cims.nyu.edu/_thomasl/onmaths/Dyson.html]
[cims.nyu.edu/_thomasl/poetry/pantoum.html]
[cims.nyu.edu/_thomasl/poetry/spline.html]
[cims.nyu.edu/_thomasl/poetry/fable.html]
[cims.nyu.edu/_thomasl/teaching/123003Fall2016/indexc052.html]
[cims.nyu.edu/_thomasl/teaching/123003Fall2016/indexf8a0.html]
[cims.nyu.edu/_thomasl/teaching/123003Fall2016/indexbfec.html]
[cims.nyu.edu/_thomasl/teaching/123003Fall2016/index30b5.html]
[cims.nyu.edu/_thomasl/teaching/index.html]
[cims.nyu.edu/_thomasl/teaching/120002Spring2017/indexc052.html]
[cims.nyu.edu/_thomasl/teaching/120002Spring2017/indexf8a0.html]
[cims.nyu.edu/_thomasl/teaching/120002Spring2017/indexbfec.html]
[cims.nyu.edu/_thomasl/teaching/120002Spring2017/index30b5.html]
[cims.nyu.edu/_thomasl/teaching/ODESpring2018/css/bootstrap.min.css]
[cims.nyu.edu/_thomasl/teaching/ODESpring2018/forfinal.html]
[cims.nyu.edu/_thomasl/onmaths/onmaths/allonsnouscontinuer.html]
[cims.nyu.edu/_thomasl/onmaths/onmaths/birdsandfrogs.html]
[cims.nyu.edu/_thomasl/teaching/123003Fall2016/indexb70a.html]
[cims.nyu.edu/_thomasl/teaching/123003Fall2016/index72c9.html]
[cims.nyu.edu/_thomasl/teaching/123003Fall2016/index5851.html]
[cims.nyu.edu/_thomasl/teaching/123003Fall2016/indexad3f.html]
[cims.nyu.edu/_thomasl/teaching/120002Spring2017/indexb70a.html]
[cims.nyu.edu/_thomasl/teaching/120002Spring2017/index72c9.html]
[cims.nyu.edu/_thomasl/teaching/120002Spring2017/index5851.html]
[cims.nyu.edu/_thomasl/teaching/120002Spring2017/indexad3f.html]
[cims.nyu.edu/_thomasl/teaching/ODESpring2018/navbar.html]
